Lockfile is up to date, resolution step is skipped
Already up to date

[ERR_PNPM_IGNORED_BUILDS] Ignored build scripts: protobufjs@7.5.4, sharp@0.34.5, unrs-resolver@1.11.1

Run "pnpm approve-builds" to pick which dependencies should be allowed to run scripts.
[ERROR] Command failed with exit code 1: pnpm install

pnpm: Command failed with exit code 1: pnpm install
    at getFinalError (file:///home/ubuntu/.nvm/versions/node/v22.13.0/lib/node_modules/pnpm/dist/pnpm.mjs:28776:14)
    at makeError (file:///home/ubuntu/.nvm/versions/node/v22.13.0/lib/node_modules/pnpm/dist/pnpm.mjs:31083:21)
    at getSyncResult (file:///home/ubuntu/.nvm/versions/node/v22.13.0/lib/node_modules/pnpm/dist/pnpm.mjs:32927:10)
    at spawnSubprocessSync (file:///home/ubuntu/.nvm/versions/node/v22.13.0/lib/node_modules/pnpm/dist/pnpm.mjs:32887:14)
    at execaCoreSync (file:///home/ubuntu/.nvm/versions/node/v22.13.0/lib/node_modules/pnpm/dist/pnpm.mjs:32817:23)
    at callBoundExeca (file:///home/ubuntu/.nvm/versions/node/v22.13.0/lib/node_modules/pnpm/dist/pnpm.mjs:35345:23)
    at boundExeca (file:///home/ubuntu/.nvm/versions/node/v22.13.0/lib/node_modules/pnpm/dist/pnpm.mjs:35322:49)
    at sync (file:///home/ubuntu/.nvm/versions/node/v22.13.0/lib/node_modules/pnpm/dist/pnpm.mjs:35477:14)
    at runPnpmCli (file:///home/ubuntu/.nvm/versions/node/v22.13.0/lib/node_modules/pnpm/dist/pnpm.mjs:211260:5)
    at runDepsStatusCheck (file:///home/ubuntu/.nvm/versions/node/v22.13.0/lib/node_modules/pnpm/dist/pnpm.mjs:212964:7)
